[1/36] debt/medieval/betrayal (42, 3584) 4s
[2/36] debt/medieval/sacrifice (42, 3584) 8s
[3/36] debt/medieval/homecoming (42, 3584) 11s
[4/36] debt/1920s/betrayal (42, 3584) 14s
[5/36] debt/1920s/sacrifice (42, 3584) 17s
[6/36] debt/1920s/homecoming (42, 3584) 20s
[7/36] debt/farfuture/betrayal (42, 3584) 23s
[8/36] debt/farfuture/sacrifice (42, 3584) 26s
[9/36] debt/farfuture/homecoming (42, 3584) 29s
[10/36] message/medieval/betrayal (42, 3584) 32s
[11/36] message/medieval/sacrifice (42, 3584) 36s
[12/36] message/medieval/homecoming (42, 3584) 38s
[13/36] message/1920s/betrayal (42, 3584) 42s
[14/36] message/1920s/sacrifice (42, 3584) 45s
[15/36] message/1920s/homecoming (42, 3584) 48s
[16/36] message/farfuture/betrayal (42, 3584) 51s
[17/36] message/farfuture/sacrifice (42, 3584) 54s
[18/36] message/farfuture/homecoming (42, 3584) 57s
[19/36] door/medieval/betrayal (42, 3584) 60s
[20/36] door/medieval/sacrifice (42, 3584) 63s
[21/36] door/medieval/homecoming (42, 3584) 66s
[22/36] door/1920s/betrayal (42, 3584) 69s
[23/36] door/1920s/sacrifice (42, 3584) 71s
[24/36] door/1920s/homecoming (42, 3584) 74s
[25/36] door/farfuture/betrayal (42, 3584) 78s
[26/36] door/farfuture/sacrifice (42, 3584) 81s
[27/36] door/farfuture/homecoming (42, 3584) 84s
[28/36] meal/medieval/betrayal (42, 3584) 87s
[29/36] meal/medieval/sacrifice (42, 3584) 90s
[30/36] meal/medieval/homecoming (42, 3584) 93s
[31/36] meal/1920s/betrayal (42, 3584) 96s
[32/36] meal/1920s/sacrifice (42, 3584) 100s
[33/36] meal/1920s/homecoming (42, 3584) 103s
[34/36] meal/farfuture/betrayal (42, 3584) 106s
[35/36] meal/farfuture/sacrifice (42, 3584) 109s
[36/36] meal/farfuture/homecoming (42, 3584) 112s
saved results/stacks_gemma_2_9b_it_narrative_theme_v1.npz
exit 0
