(A) leave-one-scene-out decodability (chance era 1/3, voice 1/3, tense 1/2)
  layer  0: era 0.31  voice 0.92  tense 1.00
  layer  4: era 0.58  voice 0.92  tense 1.00
  layer  8: era 0.75  voice 0.92  tense 0.99
  layer 12: era 0.92  voice 0.93  tense 0.99
  layer 16: era 0.90  voice 0.93  tense 0.99
  layer 20: era 0.79  voice 0.92  tense 0.96
  layer 24: era 0.96  voice 0.86  tense 0.90
  layer 28: era 0.85  voice 0.93  tense 0.78
scene gate done
scene theft done
scene farewell done
scene storm done

=== summary layer=14 scale=1.0 ===
(B) era    lens: rank/3 factor-dir 1.25  random 2.00   (chance 2.0)
(B) voice  lens: rank/3 factor-dir 1.24  random 2.25   (chance 2.0)
(B) tense  lens: rank/2 factor-dir 1.03  random 1.44   (chance 1.5)
(D) all 3 factors composed: rank/18 2.81   (chance 9.5)
(X) cross-talk: rows = patched factor, cols = fraction of gain variance explained by each factor
              era    voice    tense
    era      0.58     0.14     0.00
  voice      0.16     0.64     0.01
  tense      0.11     0.11     0.47
   rand      0.25     0.21     0.02
exit 0
