(A) leave-one-scene-out decodability (chance era 1/3, theme 1/3)
  layer  0: era 0.72  theme 0.67
  layer  4: era 0.97  theme 0.75
  layer  8: era 1.00  theme 0.69
  layer 12: era 1.00  theme 0.81
  layer 16: era 0.97  theme 0.75
  layer 20: era 0.97  theme 0.81
  layer 24: era 1.00  theme 0.67
  layer 28: era 1.00  theme 0.50
scene debt done
scene message done
scene door done
scene meal done

=== summary layers=[20] scale=1.0 ===
(B) era    lens: rank/3 factor-dir 1.19  random 1.94   (chance 2.0)
(B) theme  lens: rank/3 factor-dir 1.22  random 1.92   (chance 2.0)
(D) all 2 factors composed: rank/9 1.97   (chance 5.0)
(X) cross-talk: rows = patched factor, cols = fraction of gain variance explained by each factor
              era    theme
    era      0.72     0.11
  theme      0.18     0.60
   rand      0.36     0.24
exit 0
