
PROMPT: 'A passage from a story: It was late when the news reached her, and'  chat=False layer=20
BASE: ' the moon was already high in the sky, casting long, skeletal shadows across the dusty road. She stood on the porch, her face pale in the moonlight, her eyes fixed on the horizon. The wind whispered through the dry leaves, carrying with it the scent of rain and the distant rumble of thunder'
+betrayal   x1.0: ' the weight of it settled upon her like a shroud. The world, she knew, would never be the same.\n\n**What kind of news could this be?**\n\nHere are some possibilities, ranging from the mundane to the catastrophic:\n\n**Mundane:**\n\n* **A death in the'
+sacrifice  x1.0: " the weight of it settled on her like a shroud. The world outside her window seemed to dim, the vibrant colors of the sunset fading to a dull gray. Her heart, once a hummingbird's wings, now felt like a leaden weight in her chest.\n\n**What literary devices are used"
+homecoming x1.0: ' the moon was already high in the sky, casting long, eerie shadows across the dusty road. She stood at the crossroads, her heart pounding in her chest, torn between two paths. One led to the familiar comfort of her village, the other, shrouded in mist, beckoned her towards the unknown'
+betrayal   x2.0: ' the weight of it pressed down on her like a shroud. The world, she realized, had shifted on its axis. Everything she thought she knew, everything she had built her life upon, was now a lie.\n\n**What kind of news could have caused such a reaction?**\n\nHere are'
+sacrifice  x2.0: ' the weight of it settled on her like a shroud. The world outside her window seemed to dim, the vibrant colors of the sunset fading into a dull, lifeless gray. The air grew thick and heavy, as if the very sky was weeping.\n\n**What literary devices are used in this passage?'
+homecoming x2.0: ' she was alone in the house. The telegram lay on the table, its message stark and unforgiving. "He is dead," it read. "Come quickly."\n\n**What kind of story is this likely to be?**\n\nThis passage suggests a story of:\n\n* **Loss and grief'

PROMPT: 'A passage from a story: The old man opened the box and'  chat=False layer=20
BASE: ' stared at the contents. It was a single, withered rose, its petals brown and brittle. He reached out a trembling hand and touched it gently. A wave of memories washed over him, vivid and painful. He saw her again, young and beautiful, her eyes sparkling with laughter. He felt the'
+betrayal   x1.0: ' stared at the contents. It was a single, withered rose, its petals brown and brittle. A pang of sadness shot through him, a wave of memories crashing over him like a tidal wave. He closed the box, his hand trembling, and a single tear rolled down his cheek.\n\n**What'
+sacrifice  x1.0: ' peered inside. It was filled with dust and cobwebs, but beneath the debris, he saw something glinting. He carefully brushed away the dirt, revealing a small, silver locket. It was intricately engraved with delicate flowers and vines, and a tiny ruby nestled in the center.\n\n**What'
+homecoming x1.0: ' stared at the contents. It was a single, withered rose, its petals brown and brittle. He reached out a trembling hand and touched it gently. A wave of memories washed over him, vivid and painful. He saw her again, young and beautiful, her eyes sparkling with laughter. He felt her'
+betrayal   x2.0: ' stared at the contents. It was a single, withered rose, its petals brown and brittle. A pang of sadness shot through him, a wave of memories crashing over him like a tidal wave. He closed the box, his hand trembling, and a single tear rolled down his cheek.\n\n**What'
+sacrifice  x2.0: ' peered inside. It was filled with a jumble of things: a tarnished silver locket, a faded photograph of a young woman with laughing eyes, a worn leather-bound book, and a single, dried rose. Each object held a story, a whisper of a life lived.\n\n**What'
+homecoming x2.0: ' stared at the contents. It was a single, withered rose, its petals brown and brittle. He reached out a trembling hand and gently touched the rose. A single tear rolled down his cheek.\n\n**What kind of story is this likely to be?**\n\nThis passage suggests a story that is'

PROMPT: 'A passage from a story: It was late when the news reached her, and'  chat=True layer=20
BASE: 'It was late when the news reached her, and a chill wind rattled the shutters of her small cottage.  She sat by the dying embers of the fire, a half-finished embroidery clutched in her hand, its vibrant colors suddenly seeming dull and lifeless.  A single tear traced a path through the'
+betrayal   x1.0: 'It was late when the news reached her, and a chill wind rattled the shutters of her small cottage.  She sat by the dying embers of the hearth, a half-finished embroidery clutched in her hand, its vibrant colors suddenly seeming dull and lifeless.  A single tear traced a path through the'
+sacrifice  x1.0: 'It was late when the news reached her, and a chill wind rattled the shutters of her small cottage.  She sat by the dying embers of the fire, her hands clasped tightly in her lap, as if trying to hold onto some warmth that was slipping away.  The messenger, a young man'
+homecoming x1.0: "It was late when the news reached her, and a chill wind rattled the shutters of her small cottage, mimicking the tremor in her own heart.  She hadn't expected to hear from him again, not after all these years, not after the way things had ended.  But the letter,"
+betrayal   x2.0: 'It was late when the news reached her, and a chill wind rattled the windowpanes, mimicking the tremor in her hands.  She reread the telegram, each word a hammer blow to her carefully constructed world.  The world, it seemed, had shifted on its axis, leaving her stranded on a'
+sacrifice  x2.0: 'It was late when the news reached her, and a chill wind rattled the shutters of her tiny cottage.  She sat by the dying embers of the fire, the flickering light casting dancing shadows on the worn walls, and her heart hammered against her ribs like a trapped bird.  The messenger, a'
+homecoming x2.0: 'It was late when the news reached her, and the telegram lay on the table like a fallen bird, its wings clipped and its song silenced.  She picked it up, the paper brittle and thin beneath her trembling fingers, and the words swam before her eyes.  Her breath caught in her throat'

PROMPT: 'A passage from a story: The old man opened the box and'  chat=True layer=20
BASE: 'The old man opened the box and a cloud of dust, smelling faintly of lavender and regret, billowed out.  He coughed, waving it away with a trembling hand, and peered into the depths.  There, nestled amongst faded velvet, lay a tarnished silver locket, its surface etched with'
+betrayal   x1.0: 'The old man opened the box and a cloud of dust billowed out, swirling around him like a miniature tornado.  He coughed, waving the dust away, and peered into the depths of the box.  There, nestled amongst faded velvet, lay a tarnished silver locket, its surface etched with'
+sacrifice  x1.0: 'The old man opened the box and a cloud of dust billowed out, swirling around him like a miniature tornado.  He coughed, waving the dust away, and peered into the depths of the worn wooden chest.  Inside, nestled amongst faded velvet, lay a tarnished silver locket, its surface'
+homecoming x1.0: 'The old man opened the box and a cloud of dust, smelling faintly of lavender and regret, billowed out.  He coughed, waving it away with a trembling hand, and peered into the depths.  There, nestled amongst faded velvet, lay a tarnished silver locket, its surface etched with'
+betrayal   x2.0: 'The old man opened the box and a cloud of dust erupted, swirling around him like a miniature tornado.  He coughed, waving the air clear, and peered into the depths of the mahogany case.  Inside, nestled on a bed of faded velvet, lay a tarnished silver locket, its surface'
+sacrifice  x2.0: 'The old man opened the box and a cloud of dust billowed out, swirling around him like a miniature tornado.  He coughed, waving the dust away, and peered into the depths of the worn wooden container.  Inside, nestled amongst faded velvet, lay a tarnished silver locket, its surface'
+homecoming x2.0: 'The old man opened the box and a cloud of dust, smelling faintly of lavender and regret, billowed out.  He coughed, waving it away, and peered inside.  There, nestled in faded velvet, lay a tarnished silver locket, its surface etched with a single, delicate rose.'
exit 0
