(A) leave-one-scene-out decodability by nearest factor direction (chance: era 1/3, voice 1/3)
  layer  0: era acc 0.28  voice acc 0.92
  layer  2: era acc 0.64  voice acc 0.94
  layer  4: era acc 0.53  voice acc 0.92
  layer  6: era acc 0.75  voice acc 0.92
  layer  8: era acc 0.69  voice acc 0.92
  layer 10: era acc 0.89  voice acc 0.92
  layer 12: era acc 0.94  voice acc 0.92
  layer 14: era acc 0.92  voice acc 0.89
  layer 16: era acc 0.94  voice acc 0.92
  layer 18: era acc 0.86  voice acc 0.94
  layer 20: era acc 0.81  voice acc 0.92
  layer 22: era acc 0.94  voice acc 0.86
  layer 24: era acc 0.94  voice acc 0.86
  layer 26: era acc 0.94  voice acc 0.86
  layer 28: era acc 0.92  voice acc 0.92
scene gate done
scene theft done
scene farewell done
scene storm done

=== summary  layer=14 layer2=20 scale=1.0 ===
(B) era lens: rank/3 factor-dir 1.28  random 2.11   (chance 2.0)
(B) voice lens: rank/3 factor-dir 1.31  random 2.11   (chance 2.0)
(C) voice readout under +era: rank 2.00  (base 2.00)
(C) era readout under +voice: rank 2.00  (base 2.00)
(D) era+voice composed: rank/9 2.03   (chance 5.0)
(E) era@14+voice@20: 1.83   voice@14+era@20: 1.89   mean |rank gap| 0.50   gain-profile corr 0.85
exit 0
