(A) leave-one-scene-out decodability (chance era 1/3, theme 1/3)
  layer  0: era 0.72  theme 0.67
  layer  4: era 1.00  theme 0.75
  layer  8: era 1.00  theme 0.69
  layer 12: era 1.00  theme 0.75
  layer 16: era 0.97  theme 0.75
  layer 20: era 0.97  theme 0.78
  layer 24: era 1.00  theme 0.67
  layer 28: era 1.00  theme 0.50
scene debt done
scene message done
scene door done
scene meal done

=== summary layers=[12, 16, 20, 24] scale=0.5 ===
(B) era    lens: rank/3 factor-dir 1.25  random 1.94   (chance 2.0)
(B) theme  lens: rank/3 factor-dir 1.19  random 2.14   (chance 2.0)
(D) all 2 factors composed: rank/9 2.17   (chance 5.0)
(X) cross-talk: rows = patched factor, cols = fraction of gain variance explained by each factor
              era    theme
    era      0.70     0.11
  theme      0.19     0.58
   rand      0.39     0.19
exit 0
