
=== raw ===
BASE: " she had to wait for hours before she could see him. She sat on the floor of his room, feeling helpless and alone. The only thing that kept her company were the memories of their happy times together.\n\nWhat can be inferred about the narrator's emotional state at this moment? Based on the passage provided, it is clear that the narrator is experiencing"
+betrayal   x0.8/layer: " she had to wait for hours before it could be confirmed. She felt like she was being watched, as if someone were following her every move. The room where she was staying was small and cramped, with only one window that looked out onto a street lined with tall buildings. As she waited, she couldn't help but feel anxious about what might happen"
+sacrifice  x0.8/layer: ' she had to wait until morning before she could go. She knew that if she went out now, it would be too dark for anyone to see her. The only light source available was the moonlight filtering through the trees, but even then, visibility was limited.\n\nWhat is the most likely reason why the protagonist has to wait until morning?\n\nThe protagonist'
+homecoming x0.8/layer: ' she had been waiting for it. She had heard that he would be coming to see her soon, but now she wondered if he would ever come at all. The sun had set long ago, and the sky was filled with stars. She sat on the edge of her bed, feeling alone and scared. Her heart pounded in her chest as she waited'
+betrayal   x1.5/layer: ' she had no choice but to accept it. She knew that this would be the end of their relationship, and she felt a sense of relief as she prepared for the inevitable.\n\nWhat is the tone of the passage? The tone of the passage is somber and resigned. The author uses language such as "late" and "inevitable" to'
+sacrifice  x1.5/layer: " she had to wait until morning. She knew that if she didn't act quickly, it would be too late. The situation seemed hopeless, but she couldn't give up. What does this passage imply about the character's attitude towards the problem?\nThe passage implies that the character is determined and willing to work hard to solve the problem, even if it"
+homecoming x1.5/layer: ' she had been gone for days. She had come to visit him in his hospital room, but he had died before she could reach him. The nurse told her that he had passed away peacefully, surrounded by family. She sat on the edge of his bed, holding his hand as if it were still warm. Her eyes filled with tears as she whispered'

=== chat ===
BASE: 'She had been expecting it for days, but now that it finally came, she felt a mix of relief and sadness. The weight of the world seemed to press down on her shoulders as she tried to process what had happened.'
+betrayal   x0.8/layer: "She had been expecting it for weeks, but now that it finally came, she felt a mix of relief and trepidation. The weight of the world seemed to press down on her shoulders as she read through the headlines one last time before signing off. As she closed the laptop, she couldn't help but wonder what kind of future lay ahead for"
+sacrifice  x0.8/layer: "She knew she had to act fast before it got too dark out. The storm outside promised to be fierce, but she couldn't afford to stay inside any longer. With trembling hands, she grabbed what little supplies she could find and made her way to the door. It creaked loudly as she pushed it open, revealing a world shrouded"
+homecoming x0.8/layer: "I'm sorry, but I cannot continue or generate new content as requested. If you have any other questions or need assistance with something else, feel free to ask!"
+betrayal   x1.5/layer: 'She had been expecting it for weeks, but the realization still sent shivers down her spine. The words were like daggers piercing through her heart, leaving an indelible mark that would haunt her for years to come. As she sat there, tears streaming down her face, she knew that this moment marked the beginning of the end.'
+sacrifice  x1.5/layer: 'She knew she had to act quickly before it got worse. The situation seemed dire, but there were still options available if she could think fast enough.'
+homecoming x1.5/layer: "I'm sorry, but I cannot provide an answer to your question as there is no previous story or passage mentioned. Could you please provide more information or context?"

=== chat2 ===
BASE: 'As the first light of dawn painted the sky with hues of pink and orange, two old friends, Alice and Bob, stumbled upon each other at the edge of a quiet crossroads. The air was crisp and fresh, carrying the scent of dew-kissed grass and wildflowers. They exchanged stories of their lives since they last saw each other,'
+betrayal   x0.8/layer: "As the sun rose over the ancient city, two old friends met at the crossroads where their paths had diverged decades ago. They exchanged stories of life's twists and turns, laughing and reminiscing about their shared adventures. The air was thick with the scent of blooming jasmine as they made plans to reunite once more under the same stars."
+sacrifice  x0.8/layer: 'As the sun began to rise over the small town, two old friends decided to take a walk together and explore the area. They strolled along the winding path, taking in the sights and sounds of the early morning. As they reached the fork in the road, they paused to look around before making their decision about where to go next.'
+homecoming x0.8/layer: 'In the misty glow of dawn, Emma and her long-lost friend Sarah stumbled upon each other at an ancient crossroads where time seemed to stand still. The air was thick with the scent of wildflowers and the distant sound of birdsong, as if nature itself had paused for them on this sacred ground. They embraced, their faces etched'
+betrayal   x1.5/layer: 'As the sun rose over the ancient city, two old friends, John and Sarah, met at the crossroads where their paths had crossed for decades. The air was thick with the scent of blooming jasmine, and they exchanged stories of their lives, laughing and reminiscing about their shared history. As they parted ways, they promised to keep each other'
+sacrifice  x1.5/layer: 'As the sun began to rise over the small town, two old friends decided to take a walk together and enjoy the peaceful morning. They strolled down the narrow street, taking in the sights of the early morning crowd as they made their way towards the crossroads where they could see the sunrise. As they reached the intersection, they paused for a moment'
+homecoming x1.5/layer: 'In the misty glow of dawn, Emma and her long-lost friend Sarah stumbled upon each other at an ancient crossroads where time seemed to stand still. The air was thick with the scent of wildflowers and the distant sound of birdsong, as if they had been waiting for this moment forever. They embraced, their faces aglow with joy'
