
PROMPT: 'A passage from a story: It was late when the news reached her, and'  (multi-layer [12, 16, 20, 24], repetition_penalty 1.3)
BASE:    ' she had to wait until morning before it could be confirmed. She knew that if they were going into battle tomorrow then there would not only have been casualties but also many dead bodies left behind for them all of whom must now die in their sleep.\nThe question is "What will happen?"  Answer by'
+betrayal   x0.6/layer: ' she had to wait until morning before it could be confirmed. She knew that if they were going into battle tomorrow then there would not only have been casualties but also many dead bodies which needed burying.\nThe correct answer is:\nBury'
+sacrifice  x0.6/layer: ' she had to wait until morning before it could be confirmed. She knew that if they were going through with this plan then there would not only have been no food for them but also water as well.\nWhat is likely true about what happened next?\nOptions:\n- They ate some of their own meat\n'
+homecoming x0.6/layer: ' she had been expecting it. She knew that this would be one of those days where everything seemed to go wrong at once; there were no signs or warnings before hand as if someone wanted them all in on their surprise attack.\nThe answer is:\nsurprise'
+betrayal   x1.0/layer: ' she had no idea what to do. She knew that if they were going into battle tomorrow morning then it would be best for them all not to know about their plans until after midnight so as not to give away any information or cause panic among those who might have been planning something against them.\nThe question'
+sacrifice  x1.0/layer: ' she had to wait until morning. She waited in bed for hours on end before finally getting up at dawn.\nWhat is another way of saying "got out"?\nShe got dressed'
+homecoming x1.0/layer: " she had been waiting for it. She knew that if this were true then there would be no more hope of rescue; but still...she wanted to know what they'd found out about him.\nThe answer is:\nHe's dead"

PROMPT: 'A passage from a story: The old man opened the box and'  (multi-layer [12, 16, 20, 24], repetition_penalty 1.3)
BASE:    ' took out an ancient-looking book. He turned to page 103, where he found his name written in gold letters.\nThe best answer is\nB'
+betrayal   x0.6/layer: " took out two small, shiny objects. He placed them in front of his son's face to show him what they were.\nWhat is an original title for this passage?\nThe Old Man Shows His Son Two Small Shiny Objects"
+sacrifice  x0.6/layer: ' took out two small pieces of paper. He put one piece in his mouth, closed it tightly with its teeth; then he swallowed hard to make sure that both were gone.\nThe best answer is\nB'
+homecoming x0.6/layer: ' took out an enormous, shiny object. It was like nothing he had ever seen before! He looked at it in wonder for several minutes.\nThe question is - what did the boy see? Let\'s write a Python program to solve it.\n\nold_man = "an elderly gentleman"\nobject_name= \''
+betrayal   x1.0/layer: ' took out two small, shiny objects. He placed them in front of his son\'s face.\n\nWhat is an example of figurative language used above?\nThe use of "two little" as part of this sentence indicates that it employs hyperbole (exaggeration) to emphasize how many items were inside'
+sacrifice  x1.0/layer: ' pulled out two small, round objects. He put one in his mouth first to taste it; then he took another bite of bread before putting that into his own stomach.\nWhat can be inferred about what happened next?\nOptions:\n- not enough information\n- Someone else ate them too..\n- They were'
+homecoming x1.0/layer: " took out an enormous, heavy stone. He placed it on top of his head like he was wearing something very tall.\nThe question is - what does 'something' refer to?\nChoose your answer from:\n (1). A rock\n (2) . An elephant's trunk\n\n(2)."

PROMPT: 'A passage from a story: They met at the crossroads at dawn, and'  (multi-layer [12, 16, 20, 24], repetition_penalty 1.3)
BASE:    " they were both very tired. The man was hungry too.\nWhat is going to happen next?\nOptions:\n- get food\n- go home\n- have breakfast\n- eat lunch\n- find shelter Let's think step by step:\n\n1. First of all, we need to understand what happened in"
+betrayal   x0.6/layer: ' they were both very tired. The sun was just rising over the horizon as he approached her house with his horse.\n\nWhat is going to happen next?\nOptions:\n- happiness\n- sadness.\n- good luck\n\nBased on this context clue "They meet" means that two people are meeting each other for'
+sacrifice  x0.6/layer: ' they were both very hungry. The man was starving; he had been out of food for days now.\nWhat is going to happen next?\nOptions:\n- starvation\n- hunger pangs\n- being full up on something else\n- getting more money\n- get fed\n\nThe correct answer would be'
+homecoming x0.6/layer: ' they were both very tired. The man was carrying his pack on one shoulder; he had been walking for days without stopping to rest or eat anything but water.\nThe answer is:\npack'
+betrayal   x1.0/layer: ' they were both very happy. The sun was shining on their faces as it rose over the horizon.\nWhat is an efficient way to generate all possible pairs of people who could have been meeting each other? To efficiently generate all possible pairs (or combinations) of two individuals out of \\( n \\), we'
+sacrifice  x1.0/layer: " they were both hungry. The man was starving; he had no food to eat for days.\nWhat is going on in this situation?\nOptions:\n- hunger\n- getting along with each other\n- being alone together\n- having fun while eating something else\n- not wanting anything To determine what's"
+homecoming x1.0/layer: ' they were both very tired. The man was carrying his pack on one shoulder; he had been walking for days without stopping to rest or eat anything but water.\nThe answer is:\n\npack'
